
> firebase-todo-app@0.0.0 test
> jest

FAIL src/components/__tests__/ProtectedRoute.test.jsx
  ● Console

    console.warn
      ⚠️ React Router Future Flag Warning: React Router will begin wrapping state updates in `React.startTransition` in v7. You can use the `v7_startTransition` future flag to opt-in early. For more information, see https://reactrouter.com/v6/upgrading/future#v7_starttransition.

    [0m [90m 29 |[39m
     [90m 30 |[39m [36mconst[39m renderWithRouter [33m=[39m (component) [33m=>[39m {
    [31m[1m>[22m[39m[90m 31 |[39m   [36mreturn[39m render(
     [90m    |[39m                [31m[1m^[22m[39m
     [90m 32 |[39m     [33m<[39m[33mBrowserRouter[39m[33m>[39m
     [90m 33 |[39m       {component}
     [90m 34 |[39m     [33m<[39m[33m/[39m[33mBrowserRouter[39m[33m>[39m[0m

      at warn (node_modules/react-router/lib/deprecations.ts:9:13)
      at warnOnce (node_modules/react-router/lib/deprecations.ts:14:3)
      at Object.logDeprecation [as UNSAFE_logV6DeprecationWarnings] (node_modules/react-router/lib/deprecations.ts:26:5)
      at logV6DeprecationWarnings (node_modules/react-router-dom/index.tsx:816:25)
      at commitHookEffectListMount (node_modules/react-dom/cjs/react-dom.development.js:23189:26)
      at commitPassiveMountOnFiber (node_modules/react-dom/cjs/react-dom.development.js:24970:11)
      at commitPassiveMountEffects_complete (node_modules/react-dom/cjs/react-dom.development.js:24930:9)
      at commitPassiveMountEffects_begin (node_modules/react-dom/cjs/react-dom.development.js:24917:7)
      at commitPassiveMountEffects (node_modules/react-dom/cjs/react-dom.development.js:24905:3)
      at flushPassiveEffectsImpl (node_modules/react-dom/cjs/react-dom.development.js:27078:3)
      at flushPassiveEffects (node_modules/react-dom/cjs/react-dom.development.js:27023:14)
      at node_modules/react-dom/cjs/react-dom.development.js:26808:9
      at flushActQueue (node_modules/react/cjs/react.development.js:2667:24)
      at act (node_modules/react/cjs/react.development.js:2582:11)
      at node_modules/@testing-library/react/dist/act-compat.js:47:25
      at renderRoot (node_modules/@testing-library/react/dist/pure.js:180:26)
      at render (node_modules/@testing-library/react/dist/pure.js:271:10)
      at renderWithRouter (src/components/__tests__/ProtectedRoute.test.jsx:31:16)
      at Object.renderWithRouter (src/components/__tests__/ProtectedRoute.test.jsx:53:7)

    console.warn
      ⚠️ React Router Future Flag Warning: Relative route resolution within Splat routes is changing in v7. You can use the `v7_relativeSplatPath` future flag to opt-in early. For more information, see https://reactrouter.com/v6/upgrading/future#v7_relativesplatpath.

    [0m [90m 29 |[39m
     [90m 30 |[39m [36mconst[39m renderWithRouter [33m=[39m (component) [33m=>[39m {
    [31m[1m>[22m[39m[90m 31 |[39m   [36mreturn[39m render(
     [90m    |[39m                [31m[1m^[22m[39m
     [90m 32 |[39m     [33m<[39m[33mBrowserRouter[39m[33m>[39m
     [90m 33 |[39m       {component}
     [90m 34 |[39m     [33m<[39m[33m/[39m[33mBrowserRouter[39m[33m>[39m[0m

      at warn (node_modules/react-router/lib/deprecations.ts:9:13)
      at warnOnce (node_modules/react-router/lib/deprecations.ts:14:3)
      at Object.logDeprecation [as UNSAFE_logV6DeprecationWarnings] (node_modules/react-router/lib/deprecations.ts:37:5)
      at logV6DeprecationWarnings (node_modules/react-router-dom/index.tsx:816:25)
      at commitHookEffectListMount (node_modules/react-dom/cjs/react-dom.development.js:23189:26)
      at commitPassiveMountOnFiber (node_modules/react-dom/cjs/react-dom.development.js:24970:11)
      at commitPassiveMountEffects_complete (node_modules/react-dom/cjs/react-dom.development.js:24930:9)
      at commitPassiveMountEffects_begin (node_modules/react-dom/cjs/react-dom.development.js:24917:7)
      at commitPassiveMountEffects (node_modules/react-dom/cjs/react-dom.development.js:24905:3)
      at flushPassiveEffectsImpl (node_modules/react-dom/cjs/react-dom.development.js:27078:3)
      at flushPassiveEffects (node_modules/react-dom/cjs/react-dom.development.js:27023:14)
      at node_modules/react-dom/cjs/react-dom.development.js:26808:9
      at flushActQueue (node_modules/react/cjs/react.development.js:2667:24)
      at act (node_modules/react/cjs/react.development.js:2582:11)
      at node_modules/@testing-library/react/dist/act-compat.js:47:25
      at renderRoot (node_modules/@testing-library/react/dist/pure.js:180:26)
      at render (node_modules/@testing-library/react/dist/pure.js:271:10)
      at renderWithRouter (src/components/__tests__/ProtectedRoute.test.jsx:31:16)
      at Object.renderWithRouter (src/components/__tests__/ProtectedRoute.test.jsx:53:7)

  ● ProtectedRoute Component › Edge Cases › handles currentUser with only falsy values

    expect(jest.fn()).toHaveBeenCalledWith(...expected)

    Expected: "/login"

    Number of calls: 0

    [0m [90m 558 |[39m       
     [90m 559 |[39m       [90m// Should still be treated as unauthenticated[39m
    [31m[1m>[22m[39m[90m 560 |[39m       expect(mockNavigate)[33m.[39mtoHaveBeenCalledWith([32m'/login'[39m)[33m;[39m
     [90m     |[39m                            [31m[1m^[22m[39m
     [90m 561 |[39m     })[33m;[39m
     [90m 562 |[39m   })[33m;[39m
     [90m 563 |[39m[0m

      at Object.toHaveBeenCalledWith (src/components/__tests__/ProtectedRoute.test.jsx:560:28)

/home/runner/work/firebase-todo-app/firebase-todo-app/src/firebase.js:28
const db = exports.db = (0, _firestore.getFirestore)(app);
                                                    ^

TypeError: (0 , _firestore.getFirestore) is not a function
    at Object.<anonymous> (/home/runner/work/firebase-todo-app/firebase-todo-app/src/firebase.js:28:53)
    at Runtime._execModule (/home/runner/work/firebase-todo-app/firebase-todo-app/node_modules/jest-runtime/build/index.js:1439:24)
    at Runtime._loadModule (/home/runner/work/firebase-todo-app/firebase-todo-app/node_modules/jest-runtime/build/index.js:1022:12)
    at Runtime.requireModule (/home/runner/work/firebase-todo-app/firebase-todo-app/node_modules/jest-runtime/build/index.js:882:12)
    at Runtime.requireModuleOrMock (/home/runner/work/firebase-todo-app/firebase-todo-app/node_modules/jest-runtime/build/index.js:1048:21)
    at /home/runner/work/firebase-todo-app/firebase-todo-app/src/contexts/AuthContext.jsx:137:84
    at processTicksAndRejections (node:internal/process/task_queues:95:5)
    at async Promise.all (index 0)
    at /home/runner/work/firebase-todo-app/firebase-todo-app/src/contexts/AuthContext.jsx:137:12

Node.js v20.19.4
PASS src/pages/__tests__/Register.test.jsx
  ● Console

    console.warn
      ⚠️ React Router Future Flag Warning: React Router will begin wrapping state updates in `React.startTransition` in v7. You can use the `v7_startTransition` future flag to opt-in early. For more information, see https://reactrouter.com/v6/upgrading/future#v7_starttransition.

    [0m [90m 30 |[39m
     [90m 31 |[39m [36mconst[39m renderWithRouter [33m=[39m (component) [33m=>[39m {
    [31m[1m>[22m[39m[90m 32 |[39m   [36mreturn[39m render(
     [90m    |[39m                [31m[1m^[22m[39m
     [90m 33 |[39m     [33m<[39m[33mBrowserRouter[39m[33m>[39m
     [90m 34 |[39m       {component}
     [90m 35 |[39m     [33m<[39m[33m/[39m[33mBrowserRouter[39m[33m>[39m[0m

      at warn (node_modules/react-router/lib/deprecations.ts:9:13)
      at warnOnce (node_modules/react-router/lib/deprecations.ts:14:3)
      at Object.logDeprecation [as UNSAFE_logV6DeprecationWarnings] (node_modules/react-router/lib/deprecations.ts:26:5)
      at logV6DeprecationWarnings (node_modules/react-router-dom/index.tsx:816:25)
      at commitHookEffectListMount (node_modules/react-dom/cjs/react-dom.development.js:23189:26)
      at commitPassiveMountOnFiber (node_modules/react-dom/cjs/react-dom.development.js:24970:11)
      at commitPassiveMountEffects_complete (node_modules/react-dom/cjs/react-dom.development.js:24930:9)
      at commitPassiveMountEffects_begin (node_modules/react-dom/cjs/react-dom.development.js:24917:7)
      at commitPassiveMountEffects (node_modules/react-dom/cjs/react-dom.development.js:24905:3)
      at flushPassiveEffectsImpl (node_modules/react-dom/cjs/react-dom.development.js:27078:3)
      at flushPassiveEffects (node_modules/react-dom/cjs/react-dom.development.js:27023:14)
      at node_modules/react-dom/cjs/react-dom.development.js:26808:9
      at flushActQueue (node_modules/react/cjs/react.development.js:2667:24)
      at act (node_modules/react/cjs/react.development.js:2582:11)
      at node_modules/@testing-library/react/dist/act-compat.js:47:25
      at renderRoot (node_modules/@testing-library/react/dist/pure.js:180:26)
      at render (node_modules/@testing-library/react/dist/pure.js:271:10)
      at renderWithRouter (src/pages/__tests__/Register.test.jsx:32:16)
      at Object.renderWithRouter (src/pages/__tests__/Register.test.jsx:50:7)

    console.warn
      ⚠️ React Router Future Flag Warning: Relative route resolution within Splat routes is changing in v7. You can use the `v7_relativeSplatPath` future flag to opt-in early. For more information, see https://reactrouter.com/v6/upgrading/future#v7_relativesplatpath.

    [0m [90m 30 |[39m
     [90m 31 |[39m [36mconst[39m renderWithRouter [33m=[39m (component) [33m=>[39m {
    [31m[1m>[22m[39m[90m 32 |[39m   [36mreturn[39m render(
     [90m    |[39m                [31m[1m^[22m[39m
     [90m 33 |[39m     [33m<[39m[33mBrowserRouter[39m[33m>[39m
     [90m 34 |[39m       {component}
     [90m 35 |[39m     [33m<[39m[33m/[39m[33mBrowserRouter[39m[33m>[39m[0m

      at warn (node_modules/react-router/lib/deprecations.ts:9:13)
      at warnOnce (node_modules/react-router/lib/deprecations.ts:14:3)
      at Object.logDeprecation [as UNSAFE_logV6DeprecationWarnings] (node_modules/react-router/lib/deprecations.ts:37:5)
      at logV6DeprecationWarnings (node_modules/react-router-dom/index.tsx:816:25)
      at commitHookEffectListMount (node_modules/react-dom/cjs/react-dom.development.js:23189:26)
      at commitPassiveMountOnFiber (node_modules/react-dom/cjs/react-dom.development.js:24970:11)
      at commitPassiveMountEffects_complete (node_modules/react-dom/cjs/react-dom.development.js:24930:9)
      at commitPassiveMountEffects_begin (node_modules/react-dom/cjs/react-dom.development.js:24917:7)
      at commitPassiveMountEffects (node_modules/react-dom/cjs/react-dom.development.js:24905:3)
      at flushPassiveEffectsImpl (node_modules/react-dom/cjs/react-dom.development.js:27078:3)
      at flushPassiveEffects (node_modules/react-dom/cjs/react-dom.development.js:27023:14)
      at node_modules/react-dom/cjs/react-dom.development.js:26808:9
      at flushActQueue (node_modules/react/cjs/react.development.js:2667:24)
      at act (node_modules/react/cjs/react.development.js:2582:11)
      at node_modules/@testing-library/react/dist/act-compat.js:47:25
      at renderRoot (node_modules/@testing-library/react/dist/pure.js:180:26)
      at render (node_modules/@testing-library/react/dist/pure.js:271:10)
      at renderWithRouter (src/pages/__tests__/Register.test.jsx:32:16)
      at Object.renderWithRouter (src/pages/__tests__/Register.test.jsx:50:7)

    console.error
      Signup error: { code: 'auth/invalid-email', message: 'Invalid email address.' }

    [0m [90m 127 |[39m       [36mreturn[39m[33m;[39m
     [90m 128 |[39m     }
    [31m[1m>[22m[39m[90m 129 |[39m     originalError[33m.[39mcall(console[33m,[39m [33m...[39margs)[33m;[39m
     [90m     |[39m                   [31m[1m^[22m[39m
     [90m 130 |[39m   }[33m;[39m
     [90m 131 |[39m })[33m;[39m
     [90m 132 |[39m[0m

      at console.call [as error] (src/setupTests.js:129:19)
      at error (src/pages/Register.jsx:88:15)

    console.error
      Signup error: { code: 'auth/email-already-in-use', message: 'Email already in use' }

    [0m [90m 127 |[39m       [36mreturn[39m[33m;[39m
     [90m 128 |[39m     }
    [31m[1m>[22m[39m[90m 129 |[39m     originalError[33m.[39mcall(console[33m,[39m [33m...[39margs)[33m;[39m
     [90m     |[39m                   [31m[1m^[22m[39m
     [90m 130 |[39m   }[33m;[39m
     [90m 131 |[39m })[33m;[39m
     [90m 132 |[39m[0m

      at console.call [as error] (src/setupTests.js:129:19)
      at error (src/pages/Register.jsx:88:15)

    console.error
      Signup error: TypeError: Cannot read properties of undefined (reading 'user')
          at user (/home/runner/work/firebase-todo-app/firebase-todo-app/src/pages/Register.jsx:85:34)

    [0m [90m 127 |[39m       [36mreturn[39m[33m;[39m
     [90m 128 |[39m     }
    [31m[1m>[22m[39m[90m 129 |[39m     originalError[33m.[39mcall(console[33m,[39m [33m...[39margs)[33m;[39m
     [90m     |[39m                   [31m[1m^[22m[39m
     [90m 130 |[39m   }[33m;[39m
     [90m 131 |[39m })[33m;[39m
     [90m 132 |[39m[0m

      at console.call [as error] (src/setupTests.js:129:19)
      at error (src/pages/Register.jsx:88:15)

    console.error
      Signup error: {
        code: 'auth/email-already-in-use',
        message: 'An account with this email already exists'
      }

    [0m [90m 127 |[39m       [36mreturn[39m[33m;[39m
     [90m 128 |[39m     }
    [31m[1m>[22m[39m[90m 129 |[39m     originalError[33m.[39mcall(console[33m,[39m [33m...[39margs)[33m;[39m
     [90m     |[39m                   [31m[1m^[22m[39m
     [90m 130 |[39m   }[33m;[39m
     [90m 131 |[39m })[33m;[39m
     [90m 132 |[39m[0m

      at console.call [as error] (src/setupTests.js:129:19)
      at error (src/pages/Register.jsx:88:15)

    console.error
      Signup error: {
        code: 'auth/weak-password',
        message: 'Password is too weak. Please choose a stronger password'
      }

    [0m [90m 127 |[39m       [36mreturn[39m[33m;[39m
     [90m 128 |[39m     }
    [31m[1m>[22m[39m[90m 129 |[39m     originalError[33m.[39mcall(console[33m,[39m [33m...[39margs)[33m;[39m
     [90m     |[39m                   [31m[1m^[22m[39m
     [90m 130 |[39m   }[33m;[39m
     [90m 131 |[39m })[33m;[39m
     [90m 132 |[39m[0m

      at console.call [as error] (src/setupTests.js:129:19)
      at error (src/pages/Register.jsx:88:15)

    console.error
      Signup error: { code: 'auth/invalid-email', message: 'Invalid email address' }

    [0m [90m 127 |[39m       [36mreturn[39m[33m;[39m
     [90m 128 |[39m     }
    [31m[1m>[22m[39m[90m 129 |[39m     originalError[33m.[39mcall(console[33m,[39m [33m...[39margs)[33m;[39m
     [90m     |[39m                   [31m[1m^[22m[39m
     [90m 130 |[39m   }[33m;[39m
     [90m 131 |[39m })[33m;[39m
     [90m 132 |[39m[0m

      at console.call [as error] (src/setupTests.js:129:19)
      at error (src/pages/Register.jsx:88:15)

    console.error
      Signup error: {
        code: 'auth/operation-not-allowed',
        message: 'Email/password accounts are not enabled'
      }

    [0m [90m 127 |[39m       [36mreturn[39m[33m;[39m
     [90m 128 |[39m     }
    [31m[1m>[22m[39m[90m 129 |[39m     originalError[33m.[39mcall(console[33m,[39m [33m...[39margs)[33m;[39m
     [90m     |[39m                   [31m[1m^[22m[39m
     [90m 130 |[39m   }[33m;[39m
     [90m 131 |[39m })[33m;[39m
     [90m 132 |[39m[0m

      at console.call [as error] (src/setupTests.js:129:19)
      at error (src/pages/Register.jsx:88:15)

    console.error
      Google signup error: {
        code: 'auth/popup-closed-by-user',
        message: 'Sign-up popup was closed'
      }

    [0m [90m 127 |[39m       [36mreturn[39m[33m;[39m
     [90m 128 |[39m     }
    [31m[1m>[22m[39m[90m 129 |[39m     originalError[33m.[39mcall(console[33m,[39m [33m...[39margs)[33m;[39m
     [90m     |[39m                   [31m[1m^[22m[39m
     [90m 130 |[39m   }[33m;[39m
     [90m 131 |[39m })[33m;[39m
     [90m 132 |[39m[0m

      at console.call [as error] (src/setupTests.js:129:19)
      at error (src/pages/Register.jsx:106:15)

    console.error
      Signup error: {
        code: 'auth/network-request-failed',
        message: 'Network error. Please check your connection'
      }

    [0m [90m 127 |[39m       [36mreturn[39m[33m;[39m
     [90m 128 |[39m     }
    [31m[1m>[22m[39m[90m 129 |[39m     originalError[33m.[39mcall(console[33m,[39m [33m...[39margs)[33m;[39m
     [90m     |[39m                   [31m[1m^[22m[39m
     [90m 130 |[39m   }[33m;[39m
     [90m 131 |[39m })[33m;[39m
     [90m 132 |[39m[0m

      at console.call [as error] (src/setupTests.js:129:19)
      at error (src/pages/Register.jsx:88:15)

PASS src/pages/__tests__/Login.test.jsx
  ● Console

    console.warn
      ⚠️ React Router Future Flag Warning: React Router will begin wrapping state updates in `React.startTransition` in v7. You can use the `v7_startTransition` future flag to opt-in early. For more information, see https://reactrouter.com/v6/upgrading/future#v7_starttransition.

    [0m [90m 28 |[39m
     [90m 29 |[39m [36mconst[39m renderWithRouter [33m=[39m (component) [33m=>[39m {
    [31m[1m>[22m[39m[90m 30 |[39m   [36mreturn[39m render(
     [90m    |[39m                [31m[1m^[22m[39m
     [90m 31 |[39m     [33m<[39m[33mBrowserRouter[39m[33m>[39m
     [90m 32 |[39m       {component}
     [90m 33 |[39m     [33m<[39m[33m/[39m[33mBrowserRouter[39m[33m>[39m[0m

      at warn (node_modules/react-router/lib/deprecations.ts:9:13)
      at warnOnce (node_modules/react-router/lib/deprecations.ts:14:3)
      at Object.logDeprecation [as UNSAFE_logV6DeprecationWarnings] (node_modules/react-router/lib/deprecations.ts:26:5)
      at logV6DeprecationWarnings (node_modules/react-router-dom/index.tsx:816:25)
      at commitHookEffectListMount (node_modules/react-dom/cjs/react-dom.development.js:23189:26)
      at commitPassiveMountOnFiber (node_modules/react-dom/cjs/react-dom.development.js:24970:11)
      at commitPassiveMountEffects_complete (node_modules/react-dom/cjs/react-dom.development.js:24930:9)
      at commitPassiveMountEffects_begin (node_modules/react-dom/cjs/react-dom.development.js:24917:7)
      at commitPassiveMountEffects (node_modules/react-dom/cjs/react-dom.development.js:24905:3)
      at flushPassiveEffectsImpl (node_modules/react-dom/cjs/react-dom.development.js:27078:3)
      at flushPassiveEffects (node_modules/react-dom/cjs/react-dom.development.js:27023:14)
      at node_modules/react-dom/cjs/react-dom.development.js:26808:9
      at flushActQueue (node_modules/react/cjs/react.development.js:2667:24)
      at act (node_modules/react/cjs/react.development.js:2582:11)
      at node_modules/@testing-library/react/dist/act-compat.js:47:25
      at renderRoot (node_modules/@testing-library/react/dist/pure.js:180:26)
      at render (node_modules/@testing-library/react/dist/pure.js:271:10)
      at renderWithRouter (src/pages/__tests__/Login.test.jsx:30:16)
      at Object.renderWithRouter (src/pages/__tests__/Login.test.jsx:47:7)

    console.warn
      ⚠️ React Router Future Flag Warning: Relative route resolution within Splat routes is changing in v7. You can use the `v7_relativeSplatPath` future flag to opt-in early. For more information, see https://reactrouter.com/v6/upgrading/future#v7_relativesplatpath.

    [0m [90m 28 |[39m
     [90m 29 |[39m [36mconst[39m renderWithRouter [33m=[39m (component) [33m=>[39m {
    [31m[1m>[22m[39m[90m 30 |[39m   [36mreturn[39m render(
     [90m    |[39m                [31m[1m^[22m[39m
     [90m 31 |[39m     [33m<[39m[33mBrowserRouter[39m[33m>[39m
     [90m 32 |[39m       {component}
     [90m 33 |[39m     [33m<[39m[33m/[39m[33mBrowserRouter[39m[33m>[39m[0m

      at warn (node_modules/react-router/lib/deprecations.ts:9:13)
      at warnOnce (node_modules/react-router/lib/deprecations.ts:14:3)
      at Object.logDeprecation [as UNSAFE_logV6DeprecationWarnings] (node_modules/react-router/lib/deprecations.ts:37:5)
      at logV6DeprecationWarnings (node_modules/react-router-dom/index.tsx:816:25)
      at commitHookEffectListMount (node_modules/react-dom/cjs/react-dom.development.js:23189:26)
      at commitPassiveMountOnFiber (node_modules/react-dom/cjs/react-dom.development.js:24970:11)
      at commitPassiveMountEffects_complete (node_modules/react-dom/cjs/react-dom.development.js:24930:9)
      at commitPassiveMountEffects_begin (node_modules/react-dom/cjs/react-dom.development.js:24917:7)
      at commitPassiveMountEffects (node_modules/react-dom/cjs/react-dom.development.js:24905:3)
      at flushPassiveEffectsImpl (node_modules/react-dom/cjs/react-dom.development.js:27078:3)
      at flushPassiveEffects (node_modules/react-dom/cjs/react-dom.development.js:27023:14)
      at node_modules/react-dom/cjs/react-dom.development.js:26808:9
      at flushActQueue (node_modules/react/cjs/react.development.js:2667:24)
      at act (node_modules/react/cjs/react.development.js:2582:11)
      at node_modules/@testing-library/react/dist/act-compat.js:47:25
      at renderRoot (node_modules/@testing-library/react/dist/pure.js:180:26)
      at render (node_modules/@testing-library/react/dist/pure.js:271:10)
      at renderWithRouter (src/pages/__tests__/Login.test.jsx:30:16)
      at Object.renderWithRouter (src/pages/__tests__/Login.test.jsx:47:7)

    console.error
      Login error: Error: Invalid credentials
          at Object.<anonymous> (/home/runner/work/firebase-todo-app/firebase-todo-app/src/pages/__tests__/Login.test.jsx:92:60)
          at Promise.then.completed (/home/runner/work/firebase-todo-app/firebase-todo-app/node_modules/jest-circus/build/utils.js:298:28)
          at new Promise (<anonymous>)
          at callAsyncCircusFn (/home/runner/work/firebase-todo-app/firebase-todo-app/node_modules/jest-circus/build/utils.js:231:10)
          at _callCircusTest (/home/runner/work/firebase-todo-app/firebase-todo-app/node_modules/jest-circus/build/run.js:316:40)
          at _runTest (/home/runner/work/firebase-todo-app/firebase-todo-app/node_modules/jest-circus/build/run.js:252:3)
          at _runTestsForDescribeBlock (/home/runner/work/firebase-todo-app/firebase-todo-app/node_modules/jest-circus/build/run.js:126:9)
          at _runTestsForDescribeBlock (/home/runner/work/firebase-todo-app/firebase-todo-app/node_modules/jest-circus/build/run.js:121:9)
          at _runTestsForDescribeBlock (/home/runner/work/firebase-todo-app/firebase-todo-app/node_modules/jest-circus/build/run.js:121:9)
          at run (/home/runner/work/firebase-todo-app/firebase-todo-app/node_modules/jest-circus/build/run.js:71:3)
          at runAndTransformResultsToJestFormat (/home/runner/work/firebase-todo-app/firebase-todo-app/node_modules/jest-circus/build/legacy-code-todo-rewrite/jestAdapterInit.js:122:21)
          at jestAdapter (/home/runner/work/firebase-todo-app/firebase-todo-app/node_modules/jest-circus/build/legacy-code-todo-rewrite/jestAdapter.js:79:19)
          at runTestInternal (/home/runner/work/firebase-todo-app/firebase-todo-app/node_modules/jest-runner/build/runTest.js:367:16)
          at runTest (/home/runner/work/firebase-todo-app/firebase-todo-app/node_modules/jest-runner/build/runTest.js:444:34)
          at Object.worker (/home/runner/work/firebase-todo-app/firebase-todo-app/node_modules/jest-runner/build/testWorker.js:106:12)

    [0m [90m 127 |[39m       [36mreturn[39m[33m;[39m
     [90m 128 |[39m     }
    [31m[1m>[22m[39m[90m 129 |[39m     originalError[33m.[39mcall(console[33m,[39m [33m...[39margs)[33m;[39m
     [90m     |[39m                   [31m[1m^[22m[39m
     [90m 130 |[39m   }[33m;[39m
     [90m 131 |[39m })[33m;[39m
     [90m 132 |[39m[0m

      at console.call [as error] (src/setupTests.js:129:19)
      at error (src/pages/Login.jsx:61:15)

    console.error
      Login error: { code: 'auth/user-not-found', message: 'User not found' }

    [0m [90m 127 |[39m       [36mreturn[39m[33m;[39m
     [90m 128 |[39m     }
    [31m[1m>[22m[39m[90m 129 |[39m     originalError[33m.[39mcall(console[33m,[39m [33m...[39margs)[33m;[39m
     [90m     |[39m                   [31m[1m^[22m[39m
     [90m 130 |[39m   }[33m;[39m
     [90m 131 |[39m })[33m;[39m
     [90m 132 |[39m[0m

      at console.call [as error] (src/setupTests.js:129:19)
      at error (src/pages/Login.jsx:61:15)

    console.error
      Login error: {
        code: 'auth/user-not-found',
        message: 'No account found with this email'
      }

    [0m [90m 127 |[39m       [36mreturn[39m[33m;[39m
     [90m 128 |[39m     }
    [31m[1m>[22m[39m[90m 129 |[39m     originalError[33m.[39mcall(console[33m,[39m [33m...[39margs)[33m;[39m
     [90m     |[39m                   [31m[1m^[22m[39m
     [90m 130 |[39m   }[33m;[39m
     [90m 131 |[39m })[33m;[39m
     [90m 132 |[39m[0m

      at console.call [as error] (src/setupTests.js:129:19)
      at error (src/pages/Login.jsx:61:15)

    console.error
      Login error: { code: 'auth/wrong-password', message: 'Incorrect password' }

    [0m [90m 127 |[39m       [36mreturn[39m[33m;[39m
     [90m 128 |[39m     }
    [31m[1m>[22m[39m[90m 129 |[39m     originalError[33m.[39mcall(console[33m,[39m [33m...[39margs)[33m;[39m
     [90m     |[39m                   [31m[1m^[22m[39m
     [90m 130 |[39m   }[33m;[39m
     [90m 131 |[39m })[33m;[39m
     [90m 132 |[39m[0m

      at console.call [as error] (src/setupTests.js:129:19)
      at error (src/pages/Login.jsx:61:15)

    console.error
      Login error: {
        code: 'auth/too-many-requests',
        message: 'Too many failed attempts. Please try again later'
      }

    [0m [90m 127 |[39m       [36mreturn[39m[33m;[39m
     [90m 128 |[39m     }
    [31m[1m>[22m[39m[90m 129 |[39m     originalError[33m.[39mcall(console[33m,[39m [33m...[39margs)[33m;[39m
     [90m     |[39m                   [31m[1m^[22m[39m
     [90m 130 |[39m   }[33m;[39m
     [90m 131 |[39m })[33m;[39m
     [90m 132 |[39m[0m

      at console.call [as error] (src/setupTests.js:129:19)
      at error (src/pages/Login.jsx:61:15)

    console.error
      Login error: {
        code: 'auth/network-request-failed',
        message: 'Network error. Please check your connection'
      }

    [0m [90m 127 |[39m       [36mreturn[39m[33m;[39m
     [90m 128 |[39m     }
    [31m[1m>[22m[39m[90m 129 |[39m     originalError[33m.[39mcall(console[33m,[39m [33m...[39margs)[33m;[39m
     [90m     |[39m                   [31m[1m^[22m[39m
     [90m 130 |[39m   }[33m;[39m
     [90m 131 |[39m })[33m;[39m
     [90m 132 |[39m[0m

      at console.call [as error] (src/setupTests.js:129:19)
      at error (src/pages/Login.jsx:61:15)

    console.error
      Google login error: {
        code: 'auth/popup-closed-by-user',
        message: 'Sign-in popup was closed'
      }

    [0m [90m 127 |[39m       [36mreturn[39m[33m;[39m
     [90m 128 |[39m     }
    [31m[1m>[22m[39m[90m 129 |[39m     originalError[33m.[39mcall(console[33m,[39m [33m...[39margs)[33m;[39m
     [90m     |[39m                   [31m[1m^[22m[39m
     [90m 130 |[39m   }[33m;[39m
     [90m 131 |[39m })[33m;[39m
     [90m 132 |[39m[0m

      at console.call [as error] (src/setupTests.js:129:19)
      at error (src/pages/Login.jsx:79:15)

    console.error
      Login error: {
        code: 'auth/network-request-failed',
        message: 'Network error. Please check your connection'
      }

    [0m [90m 127 |[39m       [36mreturn[39m[33m;[39m
     [90m 128 |[39m     }
    [31m[1m>[22m[39m[90m 129 |[39m     originalError[33m.[39mcall(console[33m,[39m [33m...[39margs)[33m;[39m
     [90m     |[39m                   [31m[1m^[22m[39m
     [90m 130 |[39m   }[33m;[39m
     [90m 131 |[39m })[33m;[39m
     [90m 132 |[39m[0m

      at console.call [as error] (src/setupTests.js:129:19)
      at error (src/pages/Login.jsx:61:15)

PASS src/components/__tests__/UserProfile.test.jsx
  ● Console

    console.warn
      ⚠️ React Router Future Flag Warning: React Router will begin wrapping state updates in `React.startTransition` in v7. You can use the `v7_startTransition` future flag to opt-in early. For more information, see https://reactrouter.com/v6/upgrading/future#v7_starttransition.

    [0m [90m 34 |[39m
     [90m 35 |[39m [36mconst[39m renderWithRouter [33m=[39m (component) [33m=>[39m {
    [31m[1m>[22m[39m[90m 36 |[39m   [36mreturn[39m render(
     [90m    |[39m                [31m[1m^[22m[39m
     [90m 37 |[39m     [33m<[39m[33mBrowserRouter[39m[33m>[39m
     [90m 38 |[39m       {component}
     [90m 39 |[39m     [33m<[39m[33m/[39m[33mBrowserRouter[39m[33m>[39m[0m

      at warn (node_modules/react-router/lib/deprecations.ts:9:13)
      at warnOnce (node_modules/react-router/lib/deprecations.ts:14:3)
      at Object.logDeprecation [as UNSAFE_logV6DeprecationWarnings] (node_modules/react-router/lib/deprecations.ts:26:5)
      at logV6DeprecationWarnings (node_modules/react-router-dom/index.tsx:816:25)
      at commitHookEffectListMount (node_modules/react-dom/cjs/react-dom.development.js:23189:26)
      at commitPassiveMountOnFiber (node_modules/react-dom/cjs/react-dom.development.js:24970:11)
      at commitPassiveMountEffects_complete (node_modules/react-dom/cjs/react-dom.development.js:24930:9)
      at commitPassiveMountEffects_begin (node_modules/react-dom/cjs/react-dom.development.js:24917:7)
      at commitPassiveMountEffects (node_modules/react-dom/cjs/react-dom.development.js:24905:3)
      at flushPassiveEffectsImpl (node_modules/react-dom/cjs/react-dom.development.js:27078:3)
      at flushPassiveEffects (node_modules/react-dom/cjs/react-dom.development.js:27023:14)
      at node_modules/react-dom/cjs/react-dom.development.js:26808:9
      at flushActQueue (node_modules/react/cjs/react.development.js:2667:24)
      at act (node_modules/react/cjs/react.development.js:2582:11)
      at node_modules/@testing-library/react/dist/act-compat.js:47:25
      at renderRoot (node_modules/@testing-library/react/dist/pure.js:180:26)
      at render (node_modules/@testing-library/react/dist/pure.js:271:10)
      at renderWithRouter (src/components/__tests__/UserProfile.test.jsx:36:16)
      at Object.renderWithRouter (src/components/__tests__/UserProfile.test.jsx:75:7)

    console.warn
      ⚠️ React Router Future Flag Warning: Relative route resolution within Splat routes is changing in v7. You can use the `v7_relativeSplatPath` future flag to opt-in early. For more information, see https://reactrouter.com/v6/upgrading/future#v7_relativesplatpath.

    [0m [90m 34 |[39m
     [90m 35 |[39m [36mconst[39m renderWithRouter [33m=[39m (component) [33m=>[39m {
    [31m[1m>[22m[39m[90m 36 |[39m   [36mreturn[39m render(
     [90m    |[39m                [31m[1m^[22m[39m
     [90m 37 |[39m     [33m<[39m[33mBrowserRouter[39m[33m>[39m
     [90m 38 |[39m       {component}
     [90m 39 |[39m     [33m<[39m[33m/[39m[33mBrowserRouter[39m[33m>[39m[0m

      at warn (node_modules/react-router/lib/deprecations.ts:9:13)
      at warnOnce (node_modules/react-router/lib/deprecations.ts:14:3)
      at Object.logDeprecation [as UNSAFE_logV6DeprecationWarnings] (node_modules/react-router/lib/deprecations.ts:37:5)
      at logV6DeprecationWarnings (node_modules/react-router-dom/index.tsx:816:25)
      at commitHookEffectListMount (node_modules/react-dom/cjs/react-dom.development.js:23189:26)
      at commitPassiveMountOnFiber (node_modules/react-dom/cjs/react-dom.development.js:24970:11)
      at commitPassiveMountEffects_complete (node_modules/react-dom/cjs/react-dom.development.js:24930:9)
      at commitPassiveMountEffects_begin (node_modules/react-dom/cjs/react-dom.development.js:24917:7)
      at commitPassiveMountEffects (node_modules/react-dom/cjs/react-dom.development.js:24905:3)
      at flushPassiveEffectsImpl (node_modules/react-dom/cjs/react-dom.development.js:27078:3)
      at flushPassiveEffects (node_modules/react-dom/cjs/react-dom.development.js:27023:14)
      at node_modules/react-dom/cjs/react-dom.development.js:26808:9
      at flushActQueue (node_modules/react/cjs/react.development.js:2667:24)
      at act (node_modules/react/cjs/react.development.js:2582:11)
      at node_modules/@testing-library/react/dist/act-compat.js:47:25
      at renderRoot (node_modules/@testing-library/react/dist/pure.js:180:26)
      at render (node_modules/@testing-library/react/dist/pure.js:271:10)
      at renderWithRouter (src/components/__tests__/UserProfile.test.jsx:36:16)
      at Object.renderWithRouter (src/components/__tests__/UserProfile.test.jsx:75:7)

    console.error
      Error listening to user profile: Error: Firestore error
          at /home/runner/work/firebase-todo-app/firebase-todo-app/src/components/__tests__/UserProfile.test.jsx:205:23
          at /home/runner/work/firebase-todo-app/firebase-todo-app/node_modules/jest-mock/build/index.js:397:39
          at /home/runner/work/firebase-todo-app/firebase-todo-app/node_modules/jest-mock/build/index.js:404:13
          at mockConstructor (/home/runner/work/firebase-todo-app/firebase-todo-app/node_modules/jest-mock/build/index.js:148:19)
          at /home/runner/work/firebase-todo-app/firebase-todo-app/src/components/UserProfile.jsx:25:37
          at commitHookEffectListMount (/home/runner/work/firebase-todo-app/firebase-todo-app/node_modules/react-dom/cjs/react-dom.development.js:23189:26)
          at commitPassiveMountOnFiber (/home/runner/work/firebase-todo-app/firebase-todo-app/node_modules/react-dom/cjs/react-dom.development.js:24970:11)
          at commitPassiveMountEffects_complete (/home/runner/work/firebase-todo-app/firebase-todo-app/node_modules/react-dom/cjs/react-dom.development.js:24930:9)
          at commitPassiveMountEffects_begin (/home/runner/work/firebase-todo-app/firebase-todo-app/node_modules/react-dom/cjs/react-dom.development.js:24917:7)
          at commitPassiveMountEffects (/home/runner/work/firebase-todo-app/firebase-todo-app/node_modules/react-dom/cjs/react-dom.development.js:24905:3)
          at flushPassiveEffectsImpl (/home/runner/work/firebase-todo-app/firebase-todo-app/node_modules/react-dom/cjs/react-dom.development.js:27078:3)
          at flushPassiveEffects (/home/runner/work/firebase-todo-app/firebase-todo-app/node_modules/react-dom/cjs/react-dom.development.js:27023:14)
          at /home/runner/work/firebase-todo-app/firebase-todo-app/node_modules/react-dom/cjs/react-dom.development.js:26808:9
          at flushActQueue (/home/runner/work/firebase-todo-app/firebase-todo-app/node_modules/react/cjs/react.development.js:2667:24)
          at act (/home/runner/work/firebase-todo-app/firebase-todo-app/node_modules/react/cjs/react.development.js:2582:11)
          at /home/runner/work/firebase-todo-app/firebase-todo-app/node_modules/@testing-library/react/dist/act-compat.js:47:25
          at renderRoot (/home/runner/work/firebase-todo-app/firebase-todo-app/node_modules/@testing-library/react/dist/pure.js:180:26)
          at render (/home/runner/work/firebase-todo-app/firebase-todo-app/node_modules/@testing-library/react/dist/pure.js:271:10)
          at renderWithRouter (/home/runner/work/firebase-todo-app/firebase-todo-app/src/components/__tests__/UserProfile.test.jsx:36:16)
          at Object.renderWithRouter (/home/runner/work/firebase-todo-app/firebase-todo-app/src/components/__tests__/UserProfile.test.jsx:209:7)
          at Promise.then.completed (/home/runner/work/firebase-todo-app/firebase-todo-app/node_modules/jest-circus/build/utils.js:298:28)
          at new Promise (<anonymous>)
          at callAsyncCircusFn (/home/runner/work/firebase-todo-app/firebase-todo-app/node_modules/jest-circus/build/utils.js:231:10)
          at _callCircusTest (/home/runner/work/firebase-todo-app/firebase-todo-app/node_modules/jest-circus/build/run.js:316:40)
          at _runTest (/home/runner/work/firebase-todo-app/firebase-todo-app/node_modules/jest-circus/build/run.js:252:3)
          at _runTestsForDescribeBlock (/home/runner/work/firebase-todo-app/firebase-todo-app/node_modules/jest-circus/build/run.js:126:9)
          at _runTestsForDescribeBlock (/home/runner/work/firebase-todo-app/firebase-todo-app/node_modules/jest-circus/build/run.js:121:9)
          at _runTestsForDescribeBlock (/home/runner/work/firebase-todo-app/firebase-todo-app/node_modules/jest-circus/build/run.js:121:9)
          at run (/home/runner/work/firebase-todo-app/firebase-todo-app/node_modules/jest-circus/build/run.js:71:3)
          at runAndTransformResultsToJestFormat (/home/runner/work/firebase-todo-app/firebase-todo-app/node_modules/jest-circus/build/legacy-code-todo-rewrite/jestAdapterInit.js:122:21)
          at jestAdapter (/home/runner/work/firebase-todo-app/firebase-todo-app/node_modules/jest-circus/build/legacy-code-todo-rewrite/jestAdapter.js:79:19)
          at runTestInternal (/home/runner/work/firebase-todo-app/firebase-todo-app/node_modules/jest-runner/build/runTest.js:367:16)
          at runTest (/home/runner/work/firebase-todo-app/firebase-todo-app/node_modules/jest-runner/build/runTest.js:444:34)
          at Object.worker (/home/runner/work/firebase-todo-app/firebase-todo-app/node_modules/jest-runner/build/testWorker.js:106:12)

    [0m [90m 127 |[39m       [36mreturn[39m[33m;[39m
     [90m 128 |[39m     }
    [31m[1m>[22m[39m[90m 129 |[39m     originalError[33m.[39mcall(console[33m,[39m [33m...[39margs)[33m;[39m
     [90m     |[39m                   [31m[1m^[22m[39m
     [90m 130 |[39m   }[33m;[39m
     [90m 131 |[39m })[33m;[39m
     [90m 132 |[39m[0m

      at console.call [as error] (src/setupTests.js:129:19)
      at error (src/components/UserProfile.jsx:42:17)
      at errorCallback (src/components/__tests__/UserProfile.test.jsx:205:9)
      at src/components/UserProfile.jsx:25:37
      at commitHookEffectListMount (node_modules/react-dom/cjs/react-dom.development.js:23189:26)
      at commitPassiveMountOnFiber (node_modules/react-dom/cjs/react-dom.development.js:24970:11)
      at commitPassiveMountEffects_complete (node_modules/react-dom/cjs/react-dom.development.js:24930:9)
      at commitPassiveMountEffects_begin (node_modules/react-dom/cjs/react-dom.development.js:24917:7)
      at commitPassiveMountEffects (node_modules/react-dom/cjs/react-dom.development.js:24905:3)
      at flushPassiveEffectsImpl (node_modules/react-dom/cjs/react-dom.development.js:27078:3)
      at flushPassiveEffects (node_modules/react-dom/cjs/react-dom.development.js:27023:14)
      at node_modules/react-dom/cjs/react-dom.development.js:26808:9
      at flushActQueue (node_modules/react/cjs/react.development.js:2667:24)
      at act (node_modules/react/cjs/react.development.js:2582:11)
      at node_modules/@testing-library/react/dist/act-compat.js:47:25
      at renderRoot (node_modules/@testing-library/react/dist/pure.js:180:26)
      at render (node_modules/@testing-library/react/dist/pure.js:271:10)
      at renderWithRouter (src/components/__tests__/UserProfile.test.jsx:36:16)
      at Object.renderWithRouter (src/components/__tests__/UserProfile.test.jsx:209:7)

    console.error
      Error updating profile: Error: Update failed
          at Object.<anonymous> (/home/runner/work/firebase-todo-app/firebase-todo-app/src/components/__tests__/UserProfile.test.jsx:218:35)
          at Promise.then.completed (/home/runner/work/firebase-todo-app/firebase-todo-app/node_modules/jest-circus/build/utils.js:298:28)
          at new Promise (<anonymous>)
          at callAsyncCircusFn (/home/runner/work/firebase-todo-app/firebase-todo-app/node_modules/jest-circus/build/utils.js:231:10)
          at _callCircusTest (/home/runner/work/firebase-todo-app/firebase-todo-app/node_modules/jest-circus/build/run.js:316:40)
          at _runTest (/home/runner/work/firebase-todo-app/firebase-todo-app/node_modules/jest-circus/build/run.js:252:3)
          at _runTestsForDescribeBlock (/home/runner/work/firebase-todo-app/firebase-todo-app/node_modules/jest-circus/build/run.js:126:9)
          at _runTestsForDescribeBlock (/home/runner/work/firebase-todo-app/firebase-todo-app/node_modules/jest-circus/build/run.js:121:9)
          at _runTestsForDescribeBlock (/home/runner/work/firebase-todo-app/firebase-todo-app/node_modules/jest-circus/build/run.js:121:9)
          at run (/home/runner/work/firebase-todo-app/firebase-todo-app/node_modules/jest-circus/build/run.js:71:3)
          at runAndTransformResultsToJestFormat (/home/runner/work/firebase-todo-app/firebase-todo-app/node_modules/jest-circus/build/legacy-code-todo-rewrite/jestAdapterInit.js:122:21)
          at jestAdapter (/home/runner/work/firebase-todo-app/firebase-todo-app/node_modules/jest-circus/build/legacy-code-todo-rewrite/jestAdapter.js:79:19)
          at runTestInternal (/home/runner/work/firebase-todo-app/firebase-todo-app/node_modules/jest-runner/build/runTest.js:367:16)
          at runTest (/home/runner/work/firebase-todo-app/firebase-todo-app/node_modules/jest-runner/build/runTest.js:444:34)
          at Object.worker (/home/runner/work/firebase-todo-app/firebase-todo-app/node_modules/jest-runner/build/testWorker.js:106:12)

    [0m [90m 127 |[39m       [36mreturn[39m[33m;[39m
     [90m 128 |[39m     }
    [31m[1m>[22m[39m[90m 129 |[39m     originalError[33m.[39mcall(console[33m,[39m [33m...[39margs)[33m;[39m
     [90m     |[39m                   [31m[1m^[22m[39m
     [90m 130 |[39m   }[33m;[39m
     [90m 131 |[39m })[33m;[39m
     [90m 132 |[39m[0m

      at console.call [as error] (src/setupTests.js:129:19)
      at error (src/components/UserProfile.jsx:69:15)

/home/runner/work/firebase-todo-app/firebase-todo-app/src/firebase.js:28
const db = exports.db = (0, _firestore.getFirestore)(app);
                                                    ^

TypeError: (0 , _firestore.getFirestore) is not a function
    at Object.<anonymous> (/home/runner/work/firebase-todo-app/firebase-todo-app/src/firebase.js:28:53)
    at Runtime._execModule (/home/runner/work/firebase-todo-app/firebase-todo-app/node_modules/jest-runtime/build/index.js:1439:24)
    at Runtime._loadModule (/home/runner/work/firebase-todo-app/firebase-todo-app/node_modules/jest-runtime/build/index.js:1022:12)
    at Runtime.requireModule (/home/runner/work/firebase-todo-app/firebase-todo-app/node_modules/jest-runtime/build/index.js:882:12)
    at Runtime.requireModuleOrMock (/home/runner/work/firebase-todo-app/firebase-todo-app/node_modules/jest-runtime/build/index.js:1048:21)
    at /home/runner/work/firebase-todo-app/firebase-todo-app/src/contexts/AuthContext.jsx:137:84
    at processTicksAndRejections (node:internal/process/task_queues:95:5)
    at async Promise.all (index 0)
    at /home/runner/work/firebase-todo-app/firebase-todo-app/src/contexts/AuthContext.jsx:137:12

Node.js v20.19.4
PASS src/components/__tests__/DateTimeModal.test.jsx
PASS src/components/__tests__/Navigation.test.jsx
  ● Console

    console.warn
      ⚠️ React Router Future Flag Warning: React Router will begin wrapping state updates in `React.startTransition` in v7. You can use the `v7_startTransition` future flag to opt-in early. For more information, see https://reactrouter.com/v6/upgrading/future#v7_starttransition.

    [0m [90m 20 |[39m
     [90m 21 |[39m [36mconst[39m renderWithRouter [33m=[39m (component) [33m=>[39m {
    [31m[1m>[22m[39m[90m 22 |[39m   [36mreturn[39m render(
     [90m    |[39m                [31m[1m^[22m[39m
     [90m 23 |[39m     [33m<[39m[33mBrowserRouter[39m[33m>[39m
     [90m 24 |[39m       {component}
     [90m 25 |[39m     [33m<[39m[33m/[39m[33mBrowserRouter[39m[33m>[39m[0m

      at warn (node_modules/react-router/lib/deprecations.ts:9:13)
      at warnOnce (node_modules/react-router/lib/deprecations.ts:14:3)
      at Object.logDeprecation [as UNSAFE_logV6DeprecationWarnings] (node_modules/react-router/lib/deprecations.ts:26:5)
      at logV6DeprecationWarnings (node_modules/react-router-dom/index.tsx:816:25)
      at commitHookEffectListMount (node_modules/react-dom/cjs/react-dom.development.js:23189:26)
      at commitPassiveMountOnFiber (node_modules/react-dom/cjs/react-dom.development.js:24970:11)
      at commitPassiveMountEffects_complete (node_modules/react-dom/cjs/react-dom.development.js:24930:9)
      at commitPassiveMountEffects_begin (node_modules/react-dom/cjs/react-dom.development.js:24917:7)
      at commitPassiveMountEffects (node_modules/react-dom/cjs/react-dom.development.js:24905:3)
      at flushPassiveEffectsImpl (node_modules/react-dom/cjs/react-dom.development.js:27078:3)
      at flushPassiveEffects (node_modules/react-dom/cjs/react-dom.development.js:27023:14)
      at node_modules/react-dom/cjs/react-dom.development.js:26808:9
      at flushActQueue (node_modules/react/cjs/react.development.js:2667:24)
      at act (node_modules/react/cjs/react.development.js:2582:11)
      at node_modules/@testing-library/react/dist/act-compat.js:47:25
      at renderRoot (node_modules/@testing-library/react/dist/pure.js:180:26)
      at render (node_modules/@testing-library/react/dist/pure.js:271:10)
      at renderWithRouter (src/components/__tests__/Navigation.test.jsx:22:16)
      at Object.renderWithRouter (src/components/__tests__/Navigation.test.jsx:51:7)

    console.warn
      ⚠️ React Router Future Flag Warning: Relative route resolution within Splat routes is changing in v7. You can use the `v7_relativeSplatPath` future flag to opt-in early. For more information, see https://reactrouter.com/v6/upgrading/future#v7_relativesplatpath.

    [0m [90m 20 |[39m
     [90m 21 |[39m [36mconst[39m renderWithRouter [33m=[39m (component) [33m=>[39m {
    [31m[1m>[22m[39m[90m 22 |[39m   [36mreturn[39m render(
     [90m    |[39m                [31m[1m^[22m[39m
     [90m 23 |[39m     [33m<[39m[33mBrowserRouter[39m[33m>[39m
     [90m 24 |[39m       {component}
     [90m 25 |[39m     [33m<[39m[33m/[39m[33mBrowserRouter[39m[33m>[39m[0m

      at warn (node_modules/react-router/lib/deprecations.ts:9:13)
      at warnOnce (node_modules/react-router/lib/deprecations.ts:14:3)
      at Object.logDeprecation [as UNSAFE_logV6DeprecationWarnings] (node_modules/react-router/lib/deprecations.ts:37:5)
      at logV6DeprecationWarnings (node_modules/react-router-dom/index.tsx:816:25)
      at commitHookEffectListMount (node_modules/react-dom/cjs/react-dom.development.js:23189:26)
      at commitPassiveMountOnFiber (node_modules/react-dom/cjs/react-dom.development.js:24970:11)
      at commitPassiveMountEffects_complete (node_modules/react-dom/cjs/react-dom.development.js:24930:9)
      at commitPassiveMountEffects_begin (node_modules/react-dom/cjs/react-dom.development.js:24917:7)
      at commitPassiveMountEffects (node_modules/react-dom/cjs/react-dom.development.js:24905:3)
      at flushPassiveEffectsImpl (node_modules/react-dom/cjs/react-dom.development.js:27078:3)
      at flushPassiveEffects (node_modules/react-dom/cjs/react-dom.development.js:27023:14)
      at node_modules/react-dom/cjs/react-dom.development.js:26808:9
      at flushActQueue (node_modules/react/cjs/react.development.js:2667:24)
      at act (node_modules/react/cjs/react.development.js:2582:11)
      at node_modules/@testing-library/react/dist/act-compat.js:47:25
      at renderRoot (node_modules/@testing-library/react/dist/pure.js:180:26)
      at render (node_modules/@testing-library/react/dist/pure.js:271:10)
      at renderWithRouter (src/components/__tests__/Navigation.test.jsx:22:16)
      at Object.renderWithRouter (src/components/__tests__/Navigation.test.jsx:51:7)

PASS src/components/__tests__/TodoList.test.jsx
PASS src/components/__tests__/minimal.test.jsx
  ● Console

    console.warn
      ⚠️ React Router Future Flag Warning: React Router will begin wrapping state updates in `React.startTransition` in v7. You can use the `v7_startTransition` future flag to opt-in early. For more information, see https://reactrouter.com/v6/upgrading/future#v7_starttransition.

    [0m [90m 13 |[39m
     [90m 14 |[39m   it([32m'should render with router context'[39m[33m,[39m () [33m=>[39m {
    [31m[1m>[22m[39m[90m 15 |[39m     render(
     [90m    |[39m           [31m[1m^[22m[39m
     [90m 16 |[39m       [33m<[39m[33mBrowserRouter[39m[33m>[39m
     [90m 17 |[39m         [33m<[39m[33mSimpleComponent[39m [33m/[39m[33m>[39m
     [90m 18 |[39m       [33m<[39m[33m/[39m[33mBrowserRouter[39m[33m>[39m[0m

      at warn (node_modules/react-router/lib/deprecations.ts:9:13)
      at warnOnce (node_modules/react-router/lib/deprecations.ts:14:3)
      at Object.logDeprecation [as UNSAFE_logV6DeprecationWarnings] (node_modules/react-router/lib/deprecations.ts:26:5)
      at logV6DeprecationWarnings (node_modules/react-router-dom/index.tsx:816:25)
      at commitHookEffectListMount (node_modules/react-dom/cjs/react-dom.development.js:23189:26)
      at commitPassiveMountOnFiber (node_modules/react-dom/cjs/react-dom.development.js:24970:11)
      at commitPassiveMountEffects_complete (node_modules/react-dom/cjs/react-dom.development.js:24930:9)
      at commitPassiveMountEffects_begin (node_modules/react-dom/cjs/react-dom.development.js:24917:7)
      at commitPassiveMountEffects (node_modules/react-dom/cjs/react-dom.development.js:24905:3)
      at flushPassiveEffectsImpl (node_modules/react-dom/cjs/react-dom.development.js:27078:3)
      at flushPassiveEffects (node_modules/react-dom/cjs/react-dom.development.js:27023:14)
      at node_modules/react-dom/cjs/react-dom.development.js:26808:9
      at flushActQueue (node_modules/react/cjs/react.development.js:2667:24)
      at act (node_modules/react/cjs/react.development.js:2582:11)
      at node_modules/@testing-library/react/dist/act-compat.js:47:25
      at renderRoot (node_modules/@testing-library/react/dist/pure.js:180:26)
      at render (node_modules/@testing-library/react/dist/pure.js:271:10)
      at Object.<anonymous> (src/components/__tests__/minimal.test.jsx:15:11)

    console.warn
      ⚠️ React Router Future Flag Warning: Relative route resolution within Splat routes is changing in v7. You can use the `v7_relativeSplatPath` future flag to opt-in early. For more information, see https://reactrouter.com/v6/upgrading/future#v7_relativesplatpath.

    [0m [90m 13 |[39m
     [90m 14 |[39m   it([32m'should render with router context'[39m[33m,[39m () [33m=>[39m {
    [31m[1m>[22m[39m[90m 15 |[39m     render(
     [90m    |[39m           [31m[1m^[22m[39m
     [90m 16 |[39m       [33m<[39m[33mBrowserRouter[39m[33m>[39m
     [90m 17 |[39m         [33m<[39m[33mSimpleComponent[39m [33m/[39m[33m>[39m
     [90m 18 |[39m       [33m<[39m[33m/[39m[33mBrowserRouter[39m[33m>[39m[0m

      at warn (node_modules/react-router/lib/deprecations.ts:9:13)
      at warnOnce (node_modules/react-router/lib/deprecations.ts:14:3)
      at Object.logDeprecation [as UNSAFE_logV6DeprecationWarnings] (node_modules/react-router/lib/deprecations.ts:37:5)
      at logV6DeprecationWarnings (node_modules/react-router-dom/index.tsx:816:25)
      at commitHookEffectListMount (node_modules/react-dom/cjs/react-dom.development.js:23189:26)
      at commitPassiveMountOnFiber (node_modules/react-dom/cjs/react-dom.development.js:24970:11)
      at commitPassiveMountEffects_complete (node_modules/react-dom/cjs/react-dom.development.js:24930:9)
      at commitPassiveMountEffects_begin (node_modules/react-dom/cjs/react-dom.development.js:24917:7)
      at commitPassiveMountEffects (node_modules/react-dom/cjs/react-dom.development.js:24905:3)
      at flushPassiveEffectsImpl (node_modules/react-dom/cjs/react-dom.development.js:27078:3)
      at flushPassiveEffects (node_modules/react-dom/cjs/react-dom.development.js:27023:14)
      at node_modules/react-dom/cjs/react-dom.development.js:26808:9
      at flushActQueue (node_modules/react/cjs/react.development.js:2667:24)
      at act (node_modules/react/cjs/react.development.js:2582:11)
      at node_modules/@testing-library/react/dist/act-compat.js:47:25
      at renderRoot (node_modules/@testing-library/react/dist/pure.js:180:26)
      at render (node_modules/@testing-library/react/dist/pure.js:271:10)
      at Object.<anonymous> (src/components/__tests__/minimal.test.jsx:15:11)

PASS src/components/__tests__/TodoStats.test.jsx
PASS src/components/__tests__/import-test.test.jsx
PASS src/components/__tests__/simple.test.js
/home/runner/work/firebase-todo-app/firebase-todo-app/src/firebase.js:28
const db = exports.db = (0, _firestore.getFirestore)(app);
                                                    ^

TypeError: (0 , _firestore.getFirestore) is not a function
    at Object.<anonymous> (/home/runner/work/firebase-todo-app/firebase-todo-app/src/firebase.js:28:53)
    at Runtime._execModule (/home/runner/work/firebase-todo-app/firebase-todo-app/node_modules/jest-runtime/build/index.js:1439:24)
    at Runtime._loadModule (/home/runner/work/firebase-todo-app/firebase-todo-app/node_modules/jest-runtime/build/index.js:1022:12)
    at Runtime.requireModule (/home/runner/work/firebase-todo-app/firebase-todo-app/node_modules/jest-runtime/build/index.js:882:12)
    at Runtime.requireModuleOrMock (/home/runner/work/firebase-todo-app/firebase-todo-app/node_modules/jest-runtime/build/index.js:1048:21)
    at /home/runner/work/firebase-todo-app/firebase-todo-app/src/contexts/AuthContext.jsx:137:84
    at processTicksAndRejections (node:internal/process/task_queues:95:5)
    at async Promise.all (index 0)
    at /home/runner/work/firebase-todo-app/firebase-todo-app/src/contexts/AuthContext.jsx:137:12

Node.js v20.19.4
/home/runner/work/firebase-todo-app/firebase-todo-app/src/firebase.js:28
const db = exports.db = (0, _firestore.getFirestore)(app);
                                                    ^

TypeError: (0 , _firestore.getFirestore) is not a function
    at Object.<anonymous> (/home/runner/work/firebase-todo-app/firebase-todo-app/src/firebase.js:28:53)
    at Runtime._execModule (/home/runner/work/firebase-todo-app/firebase-todo-app/node_modules/jest-runtime/build/index.js:1439:24)
    at Runtime._loadModule (/home/runner/work/firebase-todo-app/firebase-todo-app/node_modules/jest-runtime/build/index.js:1022:12)
    at Runtime.requireModule (/home/runner/work/firebase-todo-app/firebase-todo-app/node_modules/jest-runtime/build/index.js:882:12)
    at Runtime.requireModuleOrMock (/home/runner/work/firebase-todo-app/firebase-todo-app/node_modules/jest-runtime/build/index.js:1048:21)
    at /home/runner/work/firebase-todo-app/firebase-todo-app/src/contexts/AuthContext.jsx:137:84
    at processTicksAndRejections (node:internal/process/task_queues:95:5)
    at async Promise.all (index 0)
    at /home/runner/work/firebase-todo-app/firebase-todo-app/src/contexts/AuthContext.jsx:137:12

Node.js v20.19.4
FAIL src/contexts/__tests__/AuthContext.test.jsx
  ● Test suite failed to run

    Jest worker encountered 4 child process exceptions, exceeding retry limit

      at ChildProcessWorker.initialize (node_modules/jest-runner/node_modules/jest-worker/build/workers/ChildProcessWorker.js:181:21)

Test Suites: 2 failed, 10 passed, 12 total
Tests:       1 failed, 123 passed, 124 total
Snapshots:   0 total
Time:        8.64 s
Ran all test suites.
